#-----------------------------------------------------------
# Vivado v2025.1 (64-bit)
# SW Build 6140274 on Thu May 22 00:12:29 MDT 2025
# IP Build 6138677 on Thu May 22 03:10:11 MDT 2025
# SharedData Build 6139179 on Tue May 20 17:58:58 MDT 2025
# Start of session at: Mon Jul 13 21:59:32 2026
# Process ID         : 14076
# Current directory  : C:/Verilog_projects/FIFO_Advanced/Project_File
# Command line       : vivado.exe -gui_launcher_event rodinguilauncherevent28364 C:\Verilog_projects\FIFO_Advanced\Project_File\Project_File.xpr
# Log file           : C:/Verilog_projects/FIFO_Advanced/Project_File/vivado.log
# Journal file       : C:/Verilog_projects/FIFO_Advanced/Project_File\vivado.jou
# Running On         : MetStrix
# Platform           : Windows Server 2016 or Windows 10
# Operating System   : 26200
# Processor Detail   : AMD Ryzen 9 8940HX with Radeon Graphics        
# CPU Frequency      : 2395 MHz
# CPU Physical cores : 16
# CPU Logical cores  : 32
# Host memory        : 16334 MB
# Swap memory        : 16642 MB
# Total Virtual      : 32977 MB
# Available Virtual  : 17881 MB
#-----------------------------------------------------------
start_gui
open_project C:/Verilog_projects/FIFO_Advanced/Project_File/Project_File.xpr
update_compile_order -fileset sources_1
reset_run synth_1
launch_runs synth_1 -jobs 16
wait_on_run synth_1
copy_run -name synth_1_copy_1 [get_runs synth_1] 
set_property part xc7a200tsbg484-1 [current_project]
reset_run synth_1
launch_runs synth_1 -jobs 16
wait_on_run synth_1
delete_runs "synth_1_copy_1"
reset_run synth_1
launch_runs synth_1 -jobs 16
wait_on_run synth_1
set_property AUTO_INCREMENTAL_CHECKPOINT 0 [get_runs synth_1]
set_property incremental_checkpoint {} [get_runs synth_1]
reset_run synth_1
launch_runs synth_1 -jobs 16
wait_on_run synth_1
